// Jest Snapshot v1, https://goo.gl/fbAQLP

exports[`Movies should return all movies 1`] = `
Array [
  alladin.jpg Alladin,
  avengers.jpg Avengers End Game,
  captain-marvel.jpg Captain Marvel,
  dark-phoenix.jpg Dark Phoenix,
  glass.jpg Glass,
  shazam.jpg Shazam,
  spiderman-far-from-home.jpg Spiderman Far from home,
  star-wars.jpg Star Wars,
  toy-story-4.jpg Toy Story 4,
]
`;

exports[`Movies should return avengers movie 1`] = `
Array [
  avengers.jpg Avengers End Game,
]
`;

exports[`Movies should return movie list 1`] = `
<AppMovies>
  <Styled(div)
    className="group"
  >
    <div
      className="group css-1c687hf"
    >
      <Styled(input)
        onChange={[Function]}
        required={true}
        type="text"
        value=""
      >
        <input
          className="css-zs2jp2"
          onChange={[Function]}
          required={true}
          type="text"
          value=""
        />
      </Styled(input)>
      <span
        className="highlight"
      />
      <Styled(div)
        className="bar"
      >
        <div
          className="bar css-utljbf"
        />
      </Styled(div)>
      <Styled(label)>
        <label
          className="css-1odazk5"
        >
          Search
        </label>
      </Styled(label)>
    </div>
  </Styled(div)>
  <ul />
</AppMovies>
`;
